#-----------------------------------------------------------
# Vivado v2025.2 (64-bit)
# SW Build 6299465 on Fri Nov 14 19:35:11 GMT 2025
# IP Build 6300035 on Fri Nov 14 10:48:45 MST 2025
# SharedData Build 6298862 on Thu Nov 13 04:50:51 MST 2025
# Start of session at: Tue Apr 21 14:50:02 2026
# Process ID         : 12980
# Current directory  : C:/Users/mehak/project_1/project_1.runs/synth_1
# Command line       : vivado.exe -log mehak_behaviour.vds -product Vivado -mode batch -messageDb vivado.pb -notrace -source mehak_behaviour.tcl
# Log file           : C:/Users/mehak/project_1/project_1.runs/synth_1/mehak_behaviour.vds
# Journal file       : C:/Users/mehak/project_1/project_1.runs/synth_1\vivado.jou
# Running On         : MehakSidhu
# Platform           : Windows Server 2016 or Windows 10
# Operating System   : 26200
# Processor Detail   : 12th Gen Intel(R) Core(TM) i5-12450H
# CPU Frequency      : 2496 MHz
# CPU Physical cores : 8
# CPU Logical cores  : 12
# Host memory        : 16857 MB
# Swap memory        : 1140 MB
# Total Virtual      : 17998 MB
# Available Virtual  : 1016 MB
#-----------------------------------------------------------
source mehak_behaviour.tcl -notrace
