#-----------------------------------------------------------
# Vivado v2025.2 (64-bit)
# SW Build 6299465 on Fri Nov 14 19:35:11 GMT 2025
# IP Build 6300035 on Fri Nov 14 10:48:45 MST 2025
# SharedData Build 6298862 on Thu Nov 13 04:50:51 MST 2025
# Start of session at: Tue Apr 21 14:50:55 2026
# Process ID         : 21436
# Current directory  : C:/Users/mehak/project_1/project_1.runs/impl_1
# Command line       : vivado.exe -log mehak_behaviour.vdi -applog -product Vivado -messageDb vivado.pb -mode batch -source mehak_behaviour.tcl -notrace
# Log file           : C:/Users/mehak/project_1/project_1.runs/impl_1/mehak_behaviour.vdi
# Journal file       : C:/Users/mehak/project_1/project_1.runs/impl_1\vivado.jou
# Running On         : MehakSidhu
# Platform           : Windows Server 2016 or Windows 10
# Operating System   : 26200
# Processor Detail   : 12th Gen Intel(R) Core(TM) i5-12450H
# CPU Frequency      : 2496 MHz
# CPU Physical cores : 8
# CPU Logical cores  : 12
# Host memory        : 16857 MB
# Swap memory        : 3301 MB
# Total Virtual      : 20159 MB
# Available Virtual  : 3305 MB
#-----------------------------------------------------------
source mehak_behaviour.tcl -notrace
